// Jest Snapshot v1, https://goo.gl/fbAQLP

exports[`Card Component snapshot 1`] = `
Object {
  "asFragment": [Function],
  "baseElement": .c3 {
  -webkit-transition: -webkit-transform 0.3s ease-in;
  -webkit-transition: transform 0.3s ease-in;
  transition: transform 0.3s ease-in;
  -webkit-transform: translateY(10px);
  -ms-transform: translateY(10px);
  transform: translateY(10px);
}

.c0 {
  border-radius: 10px;
  padding: 35px 50px 35px 50px;
  background: linear-gradient(165deg,#fff 50%,#edebeb 80%);
  position: relative;
  overflow: hidden;
}

.c0:before {
  content: "";
  position: absolute;
  -webkit-transition: opacity 0.3s ease-in;
  transition: opacity 0.3s ease-in;
  width: 100%;
  height: 100%;
  border-radius: 10px;
  top: 0;
  left: 0;
  background: linear-gradient(165deg,#fff 0%,#fafafa 50%);
  opacity: 0;
  z-index: 0;
}

.c0:hover .c2 {
  -webkit-transform: translateY(0);
  -ms-transform: translateY(0);
  transform: translateY(0);
}

.c1 {
  box-shadow: 2px 2px 15px #d8d5d5;
}

<body>
    <div>
      <div
        class="c0 c1"
      >
        <div
          class="c2 c3"
        >
          Some items
        </div>
      </div>
    </div>
  </body>,
  "container": .c3 {
  -webkit-transition: -webkit-transform 0.3s ease-in;
  -webkit-transition: transform 0.3s ease-in;
  transition: transform 0.3s ease-in;
  -webkit-transform: translateY(10px);
  -ms-transform: translateY(10px);
  transform: translateY(10px);
}

.c0 {
  border-radius: 10px;
  padding: 35px 50px 35px 50px;
  background: linear-gradient(165deg,#fff 50%,#edebeb 80%);
  position: relative;
  overflow: hidden;
}

.c0:before {
  content: "";
  position: absolute;
  -webkit-transition: opacity 0.3s ease-in;
  transition: opacity 0.3s ease-in;
  width: 100%;
  height: 100%;
  border-radius: 10px;
  top: 0;
  left: 0;
  background: linear-gradient(165deg,#fff 0%,#fafafa 50%);
  opacity: 0;
  z-index: 0;
}

.c0:hover .c2 {
  -webkit-transform: translateY(0);
  -ms-transform: translateY(0);
  transform: translateY(0);
}

.c1 {
  box-shadow: 2px 2px 15px #d8d5d5;
}

<div>
    <div
      class="c0 c1"
    >
      <div
        class="c2 c3"
      >
        Some items
      </div>
    </div>
  </div>,
  "debug": [Function],
  "findAllByAltText": [Function],
  "findAllByDisplayValue": [Function],
  "findAllByLabelText": [Function],
  "findAllByPlaceholderText": [Function],
  "findAllByRole": [Function],
  "findAllByTestId": [Function],
  "findAllByText": [Function],
  "findAllByTitle": [Function],
  "findByAltText": [Function],
  "findByDisplayValue": [Function],
  "findByLabelText": [Function],
  "findByPlaceholderText": [Function],
  "findByRole": [Function],
  "findByTestId": [Function],
  "findByText": [Function],
  "findByTitle": [Function],
  "getAllByAltText": [Function],
  "getAllByDisplayValue": [Function],
  "getAllByLabelText": [Function],
  "getAllByPlaceholderText": [Function],
  "getAllByRole": [Function],
  "getAllByTestId": [Function],
  "getAllByText": [Function],
  "getAllByTitle": [Function],
  "getByAltText": [Function],
  "getByDisplayValue": [Function],
  "getByLabelText": [Function],
  "getByPlaceholderText": [Function],
  "getByRole": [Function],
  "getByTestId": [Function],
  "getByText": [Function],
  "getByTitle": [Function],
  "queryAllByAltText": [Function],
  "queryAllByDisplayValue": [Function],
  "queryAllByLabelText": [Function],
  "queryAllByPlaceholderText": [Function],
  "queryAllByRole": [Function],
  "queryAllByTestId": [Function],
  "queryAllByText": [Function],
  "queryAllByTitle": [Function],
  "queryByAltText": [Function],
  "queryByDisplayValue": [Function],
  "queryByLabelText": [Function],
  "queryByPlaceholderText": [Function],
  "queryByRole": [Function],
  "queryByTestId": [Function],
  "queryByText": [Function],
  "queryByTitle": [Function],
  "rerender": [Function],
  "unmount": [Function],
}
`;
