// Jest Snapshot v1, https://goo.gl/fbAQLP

exports[`Expect navigation rendered Theme Black 1`] = `
Object {
  "asFragment": [Function],
  "baseElement": <body>
    <div>
      <nav
        class="mt-2 navbar navbar-expand-lg navbar-light"
      >
        <div
          class="container"
        >
          <span
            class="navbar-brand"
          >
            <a
              href="/"
            >
              NGSilvestre
            </a>
          </span>
          <button
            aria-controls="nav"
            aria-label="Toggle navigation"
            class="navbar-toggler collapsed"
            type="button"
          >
            <span
              class="navbar-toggler-icon"
            />
          </button>
          <div
            class="navbar-collapse collapse"
            id="nav"
          >
            <div
              class="me-auto navbar-nav"
            >
              <a
                href="/reactjs"
              >
                Skills
              </a>
              <a
                href="/"
              >
                Training
              </a>
              <a
                href="/"
              >
                Work
              </a>
              <a
                href="/"
              >
                Contact
              </a>
            </div>
          </div>
        </div>
      </nav>
    </div>
  </body>,
  "container": <div>
    <nav
      class="mt-2 navbar navbar-expand-lg navbar-light"
    >
      <div
        class="container"
      >
        <span
          class="navbar-brand"
        >
          <a
            href="/"
          >
            NGSilvestre
          </a>
        </span>
        <button
          aria-controls="nav"
          aria-label="Toggle navigation"
          class="navbar-toggler collapsed"
          type="button"
        >
          <span
            class="navbar-toggler-icon"
          />
        </button>
        <div
          class="navbar-collapse collapse"
          id="nav"
        >
          <div
            class="me-auto navbar-nav"
          >
            <a
              href="/reactjs"
            >
              Skills
            </a>
            <a
              href="/"
            >
              Training
            </a>
            <a
              href="/"
            >
              Work
            </a>
            <a
              href="/"
            >
              Contact
            </a>
          </div>
        </div>
      </div>
    </nav>
  </div>,
  "debug": [Function],
  "findAllByAltText": [Function],
  "findAllByDisplayValue": [Function],
  "findAllByLabelText": [Function],
  "findAllByPlaceholderText": [Function],
  "findAllByRole": [Function],
  "findAllByTestId": [Function],
  "findAllByText": [Function],
  "findAllByTitle": [Function],
  "findByAltText": [Function],
  "findByDisplayValue": [Function],
  "findByLabelText": [Function],
  "findByPlaceholderText": [Function],
  "findByRole": [Function],
  "findByTestId": [Function],
  "findByText": [Function],
  "findByTitle": [Function],
  "getAllByAltText": [Function],
  "getAllByDisplayValue": [Function],
  "getAllByLabelText": [Function],
  "getAllByPlaceholderText": [Function],
  "getAllByRole": [Function],
  "getAllByTestId": [Function],
  "getAllByText": [Function],
  "getAllByTitle": [Function],
  "getByAltText": [Function],
  "getByDisplayValue": [Function],
  "getByLabelText": [Function],
  "getByPlaceholderText": [Function],
  "getByRole": [Function],
  "getByTestId": [Function],
  "getByText": [Function],
  "getByTitle": [Function],
  "queryAllByAltText": [Function],
  "queryAllByDisplayValue": [Function],
  "queryAllByLabelText": [Function],
  "queryAllByPlaceholderText": [Function],
  "queryAllByRole": [Function],
  "queryAllByTestId": [Function],
  "queryAllByText": [Function],
  "queryAllByTitle": [Function],
  "queryByAltText": [Function],
  "queryByDisplayValue": [Function],
  "queryByLabelText": [Function],
  "queryByPlaceholderText": [Function],
  "queryByRole": [Function],
  "queryByTestId": [Function],
  "queryByText": [Function],
  "queryByTitle": [Function],
  "rerender": [Function],
  "store": Object {
    "@@observable": [Function],
    "dispatch": [Function],
    "getState": [Function],
    "replaceReducer": [Function],
    "subscribe": [Function],
  },
  "unmount": [Function],
}
`;
